Archive member included to satisfy reference by file (symbol)

C:/ST/STM32CubeIDE_1.16.0/STM32CubeIDE/plugins/com.st.stm32cube.ide.mcu.externaltools.gnu-tools-for-stm32.12.3.rel1.win32_1.0.200.202406191623/tools/bin/../lib/gcc/arm-none-eabi/12.3.1/../../../../arm-none-eabi/lib/thumb/v7-m/nofp\libc_nano.a(libc_a-exit.o)
                              C:/ST/STM32CubeIDE_1.16.0/STM32CubeIDE/plugins/com.st.stm32cube.ide.mcu.externaltools.gnu-tools-for-stm32.12.3.rel1.win32_1.0.200.202406191623/tools/bin/../lib/gcc/arm-none-eabi/12.3.1/../../../../arm-none-eabi/lib/thumb/v7-m/nofp/crt0.o (exit)
C:/ST/STM32CubeIDE_1.16.0/STM32CubeIDE/plugins/com.st.stm32cube.ide.mcu.externaltools.gnu-tools-for-stm32.12.3.rel1.win32_1.0.200.202406191623/tools/bin/../lib/gcc/arm-none-eabi/12.3.1/../../../../arm-none-eabi/lib/thumb/v7-m/nofp\libc_nano.a(libc_a-findfp.o)
                              C:/ST/STM32CubeIDE_1.16.0/STM32CubeIDE/plugins/com.st.stm32cube.ide.mcu.externaltools.gnu-tools-for-stm32.12.3.rel1.win32_1.0.200.202406191623/tools/bin/../lib/gcc/arm-none-eabi/12.3.1/../../../../arm-none-eabi/lib/thumb/v7-m/nofp\libc_nano.a(libc_a-exit.o) (__stdio_exit_handler)
C:/ST/STM32CubeIDE_1.16.0/STM32CubeIDE/plugins/com.st.stm32cube.ide.mcu.externaltools.gnu-tools-for-stm32.12.3.rel1.win32_1.0.200.202406191623/tools/bin/../lib/gcc/arm-none-eabi/12.3.1/../../../../arm-none-eabi/lib/thumb/v7-m/nofp\libc_nano.a(libc_a-fwalk.o)
                              C:/ST/STM32CubeIDE_1.16.0/STM32CubeIDE/plugins/com.st.stm32cube.ide.mcu.externaltools.gnu-tools-for-stm32.12.3.rel1.win32_1.0.200.202406191623/tools/bin/../lib/gcc/arm-none-eabi/12.3.1/../../../../arm-none-eabi/lib/thumb/v7-m/nofp\libc_nano.a(libc_a-findfp.o) (_fwalk_sglue)
C:/ST/STM32CubeIDE_1.16.0/STM32CubeIDE/plugins/com.st.stm32cube.ide.mcu.externaltools.gnu-tools-for-stm32.12.3.rel1.win32_1.0.200.202406191623/tools/bin/../lib/gcc/arm-none-eabi/12.3.1/../../../../arm-none-eabi/lib/thumb/v7-m/nofp\libc_nano.a(libc_a-stdio.o)
                              C:/ST/STM32CubeIDE_1.16.0/STM32CubeIDE/plugins/com.st.stm32cube.ide.mcu.externaltools.gnu-tools-for-stm32.12.3.rel1.win32_1.0.200.202406191623/tools/bin/../lib/gcc/arm-none-eabi/12.3.1/../../../../arm-none-eabi/lib/thumb/v7-m/nofp\libc_nano.a(libc_a-findfp.o) (__sread)
C:/ST/STM32CubeIDE_1.16.0/STM32CubeIDE/plugins/com.st.stm32cube.ide.mcu.externaltools.gnu-tools-for-stm32.12.3.rel1.win32_1.0.200.202406191623/tools/bin/../lib/gcc/arm-none-eabi/12.3.1/../../../../arm-none-eabi/lib/thumb/v7-m/nofp\libc_nano.a(libc_a-memset.o)
                              C:/ST/STM32CubeIDE_1.16.0/STM32CubeIDE/plugins/com.st.stm32cube.ide.mcu.externaltools.gnu-tools-for-stm32.12.3.rel1.win32_1.0.200.202406191623/tools/bin/../lib/gcc/arm-none-eabi/12.3.1/../../../../arm-none-eabi/lib/thumb/v7-m/nofp/crt0.o (memset)
C:/ST/STM32CubeIDE_1.16.0/STM32CubeIDE/plugins/com.st.stm32cube.ide.mcu.externaltools.gnu-tools-for-stm32.12.3.rel1.win32_1.0.200.202406191623/tools/bin/../lib/gcc/arm-none-eabi/12.3.1/../../../../arm-none-eabi/lib/thumb/v7-m/nofp\libc_nano.a(libc_a-closer.o)
                              C:/ST/STM32CubeIDE_1.16.0/STM32CubeIDE/plugins/com.st.stm32cube.ide.mcu.externaltools.gnu-tools-for-stm32.12.3.rel1.win32_1.0.200.202406191623/tools/bin/../lib/gcc/arm-none-eabi/12.3.1/../../../../arm-none-eabi/lib/thumb/v7-m/nofp\libc_nano.a(libc_a-stdio.o) (_close_r)
C:/ST/STM32CubeIDE_1.16.0/STM32CubeIDE/plugins/com.st.stm32cube.ide.mcu.externaltools.gnu-tools-for-stm32.12.3.rel1.win32_1.0.200.202406191623/tools/bin/../lib/gcc/arm-none-eabi/12.3.1/../../../../arm-none-eabi/lib/thumb/v7-m/nofp\libc_nano.a(libc_a-reent.o)
                              C:/ST/STM32CubeIDE_1.16.0/STM32CubeIDE/plugins/com.st.stm32cube.ide.mcu.externaltools.gnu-tools-for-stm32.12.3.rel1.win32_1.0.200.202406191623/tools/bin/../lib/gcc/arm-none-eabi/12.3.1/../../../../arm-none-eabi/lib/thumb/v7-m/nofp\libc_nano.a(libc_a-closer.o) (errno)
C:/ST/STM32CubeIDE_1.16.0/STM32CubeIDE/plugins/com.st.stm32cube.ide.mcu.externaltools.gnu-tools-for-stm32.12.3.rel1.win32_1.0.200.202406191623/tools/bin/../lib/gcc/arm-none-eabi/12.3.1/../../../../arm-none-eabi/lib/thumb/v7-m/nofp\libc_nano.a(libc_a-impure.o)
                              C:/ST/STM32CubeIDE_1.16.0/STM32CubeIDE/plugins/com.st.stm32cube.ide.mcu.externaltools.gnu-tools-for-stm32.12.3.rel1.win32_1.0.200.202406191623/tools/bin/../lib/gcc/arm-none-eabi/12.3.1/../../../../arm-none-eabi/lib/thumb/v7-m/nofp\libc_nano.a(libc_a-reent.o) (_impure_ptr)
C:/ST/STM32CubeIDE_1.16.0/STM32CubeIDE/plugins/com.st.stm32cube.ide.mcu.externaltools.gnu-tools-for-stm32.12.3.rel1.win32_1.0.200.202406191623/tools/bin/../lib/gcc/arm-none-eabi/12.3.1/../../../../arm-none-eabi/lib/thumb/v7-m/nofp\libc_nano.a(libc_a-lseekr.o)
[...]
Memory Configuration

Name             Origin             Length             Attributes
RAM              0x20000000         0x00002800         xrw
FLASH            0x08000000         0x00008000         xr
*default*        0x00000000         0xffffffff

Linker script and memory map

LOAD C:/ST/STM32CubeIDE_1.16.0/STM32CubeIDE/plugins/com.st.stm32cube.ide.mcu.externaltools.gnu-tools-for-stm32.12.3.rel1.win32_1.0.200.202406191623/tools/bin/../lib/gcc/arm-none-eabi/12.3.1/thumb/v7-m/nofp/crti.o
LOAD C:/ST/STM32CubeIDE_1.16.0/STM32CubeIDE/plugins/com.st.stm32cube.ide.mcu.externaltools.gnu-tools-for-stm32.12.3.rel1.win32_1.0.200.202406191623/tools/bin/../lib/gcc/arm-none-eabi/12.3.1/thumb/v7-m/nofp/crtbegin.o
LOAD C:/ST/STM32CubeIDE_1.16.0/STM32CubeIDE/plugins/com.st.stm32cube.ide.mcu.externaltools.gnu-tools-for-stm32.12.3.rel1.win32_1.0.200.202406191623/tools/bin/../lib/gcc/arm-none-eabi/12.3.1/../../../../arm-none-eabi/lib/thumb/v7-m/nofp/crt0.o
LOAD ./Core/Src/button.o
LOAD ./Core/Src/fsm_automatic.o
LOAD ./Core/Src/fsm_maunual.o
LOAD ./Core/Src/global.o
LOAD ./Core/Src/main.o
LOAD ./Core/Src/software_timer.o
LOAD ./Core/Src/stm32f1xx_hal_msp.o
LOAD ./Core/Src/stm32f1xx_it.o
LOAD ./Core/Src/support_void.o
LOAD ./Core/Src/syscalls.o
LOAD ./Core/Src/sysmem.o
LOAD ./Core/Src/system_stm32f1xx.o
LOAD ./Core/Startup/startup_stm32f103c6ux.o
LOAD ./Drivers/STM32F1xx_HAL_Driver/Src/stm32f1xx_hal.o
LOAD ./Drivers/STM32F1xx_HAL_Driver/Src/stm32f1xx_hal_cortex.o
LOAD ./Drivers/STM32F1xx_HAL_Driver/Src/stm32f1xx_hal_dma.o
LOAD ./Drivers/STM32F1xx_HAL_Driver/Src/stm32f1xx_hal_exti.o
LOAD ./Drivers/STM32F1xx_HAL_Driver/Src/stm32f1xx_hal_flash.o
LOAD ./Drivers/STM32F1xx_HAL_Driver/Src/stm32f1xx_hal_flash_ex.o
LOAD ./Drivers/STM32F1xx_HAL_Driver/Src/stm32f1xx_hal_gpio.o
LOAD ./Drivers/STM32F1xx_HAL_Driver/Src/stm32f1xx_hal_gpio_ex.o
LOAD ./Drivers/STM32F1xx_HAL_Driver/Src/stm32f1xx_hal_pwr.o
LOAD ./Drivers/STM32F1xx_HAL_Driver/Src/stm32f1xx_hal_rcc.o
LOAD ./Drivers/STM32F1xx_HAL_Driver/Src/stm32f1xx_hal_rcc_ex.o
LOAD ./Drivers/STM32F1xx_HAL_Driver/Src/stm32f1xx_hal_tim.o
LOAD ./Drivers/STM32F1xx_HAL_Driver/Src/stm32f1xx_hal_tim_ex.o
START GROUP
LOAD C:/ST/STM32CubeIDE_1.16.0/STM32CubeIDE/plugins/com.st.stm32cube.ide.mcu.externaltools.gnu-tools-for-stm32.12.3.rel1.win32_1.0.200.202406191623/tools/bin/../lib/gcc/arm-none-eabi/12.3.1/../../../../arm-none-eabi/lib/thumb/v7-m/nofp\libc_nano.a
LOAD C:/ST/STM32CubeIDE_1.16.0/STM32CubeIDE/plugins/com.st.stm32cube.ide.mcu.externaltools.gnu-tools-for-stm32.12.3.rel1.win32_1.0.200.202406191623/tools/bin/../lib/gcc/arm-none-eabi/12.3.1/../../../../arm-none-eabi/lib/thumb/v7-m/nofp\libm.a
END GROUP
START GROUP
LOAD C:/ST/STM32CubeIDE_1.16.0/STM32CubeIDE/plugins/com.st.stm32cube.ide.mcu.externaltools.gnu-tools-for-stm32.12.3.rel1.win32_1.0.200.202406191623/tools/bin/../lib/gcc/arm-none-eabi/12.3.1/thumb/v7-m/nofp\libgcc.a
LOAD C:/ST/STM32CubeIDE_1.16.0/STM32CubeIDE/plugins/com.st.stm32cube.ide.mcu.externaltools.gnu-tools-for-stm32.12.3.rel1.win32_1.0.200.202406191623/tools/bin/../lib/gcc/arm-none-eabi/12.3.1/../../../../arm-none-eabi/lib/thumb/v7-m/nofp\libc_nano.a
END GROUP
START GROUP
LOAD C:/ST/STM32CubeIDE_1.16.0/STM32CubeIDE/plugins/com.st.stm32cube.ide.mcu.externaltools.gnu-tools-for-stm32.12.3.rel1.win32_1.0.200.202406191623/tools/bin/../lib/gcc/arm-none-eabi/12.3.1/thumb/v7-m/nofp\libgcc.a
LOAD C:/ST/STM32CubeIDE_1.16.0/STM32CubeIDE/plugins/com.st.stm32cube.ide.mcu.externaltools.gnu-tools-for-stm32.12.3.rel1.win32_1.0.200.202406191623/tools/bin/../lib/gcc/arm-none-eabi/12.3.1/../../../../arm-none-eabi/lib/thumb/v7-m/nofp\libc_nano.a
LOAD C:/ST/STM32CubeIDE_1.16.0/STM32CubeIDE/plugins/com.st.stm32cube.ide.mcu.externaltools.gnu-tools-for-stm32.12.3.rel1.win32_1.0.200.202406191623/tools/bin/../lib/gcc/arm-none-eabi/12.3.1/../../../../arm-none-eabi/lib/thumb/v7-m/nofp\libnosys.a
END GROUP
START GROUP
LOAD C:/ST/STM32CubeIDE_1.16.0/STM32CubeIDE/plugins/com.st.stm32cube.ide.mcu.externaltools.gnu-tools-for-stm32.12.3.rel1.win32_1.0.200.202406191623/tools/bin/../lib/gcc/arm-none-eabi/12.3.1/thumb/v7-m/nofp\libgcc.a
LOAD C:/ST/STM32CubeIDE_1.16.0/STM32CubeIDE/plugins/com.st.stm32cube.ide.mcu.externaltools.gnu-tools-for-stm32.12.3.rel1.win32_1.0.200.202406191623/tools/bin/../lib/gcc/arm-none-eabi/12.3.1/../../../../arm-none-eabi/lib/thumb/v7-m/nofp\libc_nano.a
LOAD C:/ST/STM32CubeIDE_1.16.0/STM32CubeIDE/plugins/com.st.stm32cube.ide.mcu.externaltools.gnu-tools-for-stm32.12.3.rel1.win32_1.0.200.202406191623/tools/bin/../lib/gcc/arm-none-eabi/12.3.1/../../../../arm-none-eabi/lib/thumb/v7-m/nofp\libnosys.a
END GROUP
LOAD C:/ST/STM32CubeIDE_1.16.0/STM32CubeIDE/plugins/com.st.stm32cube.ide.mcu.externaltools.gnu-tools-for-stm32.12.3.rel1.win32_1.0.200.202406191623/tools/bin/../lib/gcc/arm-none-eabi/12.3.1/thumb/v7-m/nofp/crtend.o
LOAD C:/ST/STM32CubeIDE_1.16.0/STM32CubeIDE/plugins/com.st.stm32cube.ide.mcu.externaltools.gnu-tools-for-stm32.12.3.rel1.win32_1.0.200.202406191623/tools/bin/../lib/gcc/arm-none-eabi/12.3.1/thumb/v7-m/nofp/crtn.o
                0x20002800                        _estack = (ORIGIN (RAM) + LENGTH (RAM))
                0x00000200                        _Min_Heap_Size = 0x200
                0x00000400                        _Min_Stack_Size = 0x400

.isr_vector     0x08000000      0x10c
                0x08000000                        . = ALIGN (0x4)
 *(.isr_vector)
 .isr_vector    0x08000000      0x10c ./Core/Startup/startup_stm32f103c6ux.o
                0x08000000                g_pfnVectors
                0x0800010c                        . = ALIGN (0x4)

.text           0x0800010c     0x2ae8
                0x0800010c                        . = ALIGN (0x4)
 *(.text)
 .text          0x0800010c       0x40 C:/ST/STM32CubeIDE_1.16.0/STM32CubeIDE/plugins/com.st.stm32cube.ide.mcu.externaltools.gnu-tools-for-stm32.12.3.rel1.win32_1.0.200.202406191623/tools/bin/../lib/gcc/arm-none-eabi/12.3.1/thumb/v7-m/nofp/crtbegin.o
 *(.text*)
 .text.subKeyProcess
                0x0800014c       0x50 ./Core/Src/button.o
                0x0800014c                subKeyProcess
 .text.isButton1Pressed
                0x0800019c       0x24 ./Core/Src/button.o
                0x0800019c                isButton1Pressed
 .text.isButton2Pressed
                0x080001c0       0x24 ./Core/Src/button.o
                0x080001c0                isButton2Pressed
 .text.isButton3Pressed
                0x080001e4       0x24 ./Core/Src/button.o
                0x080001e4                isButton3Pressed
 .text.getKeyInput1
                0x08000208       0xac ./Core/Src/button.o
                0x08000208                getKeyInput1
 .text.getKeyInput2
                0x080002b4       0xac ./Core/Src/button.o
                0x080002b4                getKeyInput2
 .text.getKeyInput3
                0x08000360       0xac ./Core/Src/button.o
                0x08000360                getKeyInput3
 .text.getKeyInput
                0x0800040c       0x14 ./Core/Src/button.o
                0x0800040c                getKeyInput
 .text.fsm_automatic_run
                0x08000420      0x3cc ./Core/Src/fsm_automatic.o
                0x08000420                fsm_automatic_run
 .text.fsm_manual_run
                0x080007ec      0x374 ./Core/Src/fsm_maunual.o
                0x080007ec                fsm_manual_run
 .text.main     0x08000b60       0x4c ./Core/Src/main.o
                0x08000b60                main
 .text.SystemClock_Config
                0x08000bac       0x76 ./Core/Src/main.o
                0x08000bac                SystemClock_Config
 *fill*         0x08000c22        0x2 
 .text.MX_TIM2_Init
                0x08000c24       0x98 ./Core/Src/main.o
 .text.MX_GPIO_Init
                0x08000cbc       0xc8 ./Core/Src/main.o
 .text.HAL_TIM_PeriodElapsedCallback
                0x08000d84       0x18 ./Core/Src/main.o
                0x08000d84                HAL_TIM_PeriodElapsedCallback
 .text.Error_Handler
                0x08000d9c        0xc ./Core/Src/main.o
                0x08000d9c                Error_Handler
 .text.setTimer1
                0x08000da8       0x38 ./Core/Src/software_timer.o
                0x08000da8                setTimer1
 .text.setTimer2
                0x08000de0       0x38 ./Core/Src/software_timer.o
                0x08000de0                setTimer2
 .text.setTimer3
                0x08000e18       0x38 ./Core/Src/software_timer.o
                0x08000e18                setTimer3
 .text.timerRun
                0x08000e50       0xd4 ./Core/Src/software_timer.o
                0x08000e50                timerRun
 .text.HAL_MspInit
                0x08000f24       0x64 ./Core/Src/stm32f1xx_hal_msp.o
                0x08000f24                HAL_MspInit
 .text.HAL_TIM_Base_MspInit
                0x08000f88       0x48 ./Core/Src/stm32f1xx_hal_msp.o
                0x08000f88                HAL_TIM_Base_MspInit
 .text.NMI_Handler
                0x08000fd0        0x8 ./Core/Src/stm32f1xx_it.o
                0x08000fd0                NMI_Handler
 .text.HardFault_Handler
                0x08000fd8        0x8 ./Core/Src/stm32f1xx_it.o
                0x08000fd8                HardFault_Handler
 .text.MemManage_Handler
                0x08000fe0        0x8 ./Core/Src/stm32f1xx_it.o
                0x08000fe0                MemManage_Handler
 .text.BusFault_Handler
                0x08000fe8        0x8 ./Core/Src/stm32f1xx_it.o
                0x08000fe8                BusFault_Handler
 .text.UsageFault_Handler
                0x08000ff0        0x8 ./Core/Src/stm32f1xx_it.o
                0x08000ff0                UsageFault_Handler
 .text.SVC_Handler
                0x08000ff8        0xc ./Core/Src/stm32f1xx_it.o
                0x08000ff8                SVC_Handler
 .text.DebugMon_Handler
                0x08001004        0xc ./Core/Src/stm32f1xx_it.o
                0x08001004                DebugMon_Handler
 .text.PendSV_Handler
                0x08001010        0xc ./Core/Src/stm32f1xx_it.o
                0x08001010                PendSV_Handler
 .text.SysTick_Handler
                0x0800101c        0xc ./Core/Src/stm32f1xx_it.o
                0x0800101c                SysTick_Handler
 .text.TIM2_IRQHandler
                0x08001028       0x14 ./Core/Src/stm32f1xx_it.o
                0x08001028                TIM2_IRQHandler
 .text.display7SEG
                0x0800103c      0x364 ./Core/Src/support_void.o
                0x0800103c                display7SEG
 .text.updateRealTime
                0x080013a0       0x78 ./Core/Src/support_void.o
                0x080013a0                updateRealTime
 .text.led_display
                0x08001418      0x148 ./Core/Src/support_void.o
                0x08001418                led_display
 .text.led7_run
                0x08001560       0x20 ./Core/Src/support_void.o
                0x08001560                led7_run
 .text.SystemInit
                0x08001580        0xc ./Core/Src/system_stm32f1xx.o
                0x08001580                SystemInit
 .text.Reset_Handler
                0x0800158c       0x48 ./Core/Startup/startup_stm32f103c6ux.o
                0x0800158c                Reset_Handler
 .text.Default_Handler
                0x080015d4        0x2 ./Core/Startup/startup_stm32f103c6ux.o
                0x080015d4                RTC_Alarm_IRQHandler
                0x080015d4                EXTI2_IRQHandler
                0x080015d4                TIM1_CC_IRQHandler
                0x080015d4                PVD_IRQHandler
                0x080015d4                EXTI3_IRQHandler
                0x080015d4                EXTI0_IRQHandler
                0x080015d4                ADC1_2_IRQHandler
                0x080015d4                SPI1_IRQHandler
                0x080015d4                TAMPER_IRQHandler
                0x080015d4                DMA1_Channel4_IRQHandler
                0x080015d4                RTC_IRQHandler
                0x080015d4                DMA1_Channel7_IRQHandler
                0x080015d4                CAN1_RX1_IRQHandler
                0x080015d4                I2C1_EV_IRQHandler
                0x080015d4                DMA1_Channel6_IRQHandler
                0x080015d4                TIM3_IRQHandler
                0x080015d4                RCC_IRQHandler
                0x080015d4                TIM1_TRG_COM_IRQHandler
                0x080015d4                DMA1_Channel1_IRQHandler
                0x080015d4                Default_Handler
                0x080015d4                EXTI15_10_IRQHandler
                0x080015d4                EXTI9_5_IRQHandler
                0x080015d4                DMA1_Channel5_IRQHandler
                0x080015d4                EXTI4_IRQHandler
                0x080015d4                USB_LP_CAN1_RX0_IRQHandler
                0x080015d4                USB_HP_CAN1_TX_IRQHandler
                0x080015d4                DMA1_Channel3_IRQHandler
                0x080015d4                TIM1_UP_IRQHandler
                0x080015d4                WWDG_IRQHandler
                0x080015d4                TIM1_BRK_IRQHandler
                0x080015d4                EXTI1_IRQHandler
                0x080015d4                USART2_IRQHandler
                0x080015d4                DMA1_Channel2_IRQHandler
                0x080015d4                CAN1_SCE_IRQHandler
                0x080015d4                FLASH_IRQHandler
                0x080015d4                USART1_IRQHandler
                0x080015d4                I2C1_ER_IRQHandler
                0x080015d4                USBWakeUp_IRQHandler
 *fill*         0x080015d6        0x2 
 .text.HAL_Init
                0x080015d8       0x2c ./Drivers/STM32F1xx_HAL_Driver/Src/stm32f1xx_hal.o
                0x080015d8                HAL_Init
 .text.HAL_InitTick
                0x08001604       0x60 ./Drivers/STM32F1xx_HAL_Driver/Src/stm32f1xx_hal.o
                0x08001604                HAL_InitTick
 .text.HAL_IncTick
                0x08001664       0x24 ./Drivers/STM32F1xx_HAL_Driver/Src/stm32f1xx_hal.o
                0x08001664                HAL_IncTick
 .text.HAL_GetTick
                0x08001688       0x14 ./Drivers/STM32F1xx_HAL_Driver/Src/stm32f1xx_hal.o
                0x08001688                HAL_GetTick
 .text.__NVIC_SetPriorityGrouping
                0x0800169c       0x48 ./Drivers/STM32F1xx_HAL_Driver/Src/stm32f1xx_hal_cortex.o
 .text.__NVIC_GetPriorityGrouping
                0x080016e4       0x1c ./Drivers/STM32F1xx_HAL_Driver/Src/stm32f1xx_hal_cortex.o
 .text.__NVIC_EnableIRQ
                0x08001700       0x38 ./Drivers/STM32F1xx_HAL_Driver/Src/stm32f1xx_hal_cortex.o
 .text.__NVIC_SetPriority
                0x08001738       0x54 ./Drivers/STM32F1xx_HAL_Driver/Src/stm32f1xx_hal_cortex.o
 .text.NVIC_EncodePriority
                0x0800178c       0x64 ./Drivers/STM32F1xx_HAL_Driver/Src/stm32f1xx_hal_cortex.o
 .text.SysTick_Config
                0x080017f0       0x44 ./Drivers/STM32F1xx_HAL_Driver/Src/stm32f1xx_hal_cortex.o
 .text.HAL_NVIC_SetPriorityGrouping
                0x08001834       0x16 ./Drivers/STM32F1xx_HAL_Driver/Src/stm32f1xx_hal_cortex.o
                0x08001834                HAL_NVIC_SetPriorityGrouping
 .text.HAL_NVIC_SetPriority
                0x0800184a       0x38 ./Drivers/STM32F1xx_HAL_Driver/Src/stm32f1xx_hal_cortex.o
                0x0800184a                HAL_NVIC_SetPriority
 .text.HAL_NVIC_EnableIRQ
                0x08001882       0x1c ./Drivers/STM32F1xx_HAL_Driver/Src/stm32f1xx_hal_cortex.o
                0x08001882                HAL_NVIC_EnableIRQ
 .text.HAL_SYSTICK_Config
                0x0800189e       0x18 ./Drivers/STM32F1xx_HAL_Driver/Src/stm32f1xx_hal_cortex.o
                0x0800189e                HAL_SYSTICK_Config
 *fill*         0x080018b6        0x2 
 .text.HAL_GPIO_Init
                0x080018b8      0x2f8 ./Drivers/STM32F1xx_HAL_Driver/Src/stm32f1xx_hal_gpio.o
                0x080018b8                HAL_GPIO_Init
 .text.HAL_GPIO_ReadPin
                0x08001bb0       0x2e ./Drivers/STM32F1xx_HAL_Driver/Src/stm32f1xx_hal_gpio.o
                0x08001bb0                HAL_GPIO_ReadPin
 .text.HAL_GPIO_WritePin
                0x08001bde       0x30 ./Drivers/STM32F1xx_HAL_Driver/Src/stm32f1xx_hal_gpio.o
                0x08001bde                HAL_GPIO_WritePin
 *fill*         0x08001c0e        0x2 
 .text.HAL_RCC_OscConfig
                0x08001c10      0x504 ./Drivers/STM32F1xx_HAL_Driver/Src/stm32f1xx_hal_rcc.o
                0x08001c10                HAL_RCC_OscConfig
 .text.HAL_RCC_ClockConfig
                0x08002114      0x1d4 ./Drivers/STM32F1xx_HAL_Driver/Src/stm32f1xx_hal_rcc.o
                0x08002114                HAL_RCC_ClockConfig
 .text.HAL_RCC_GetSysClockFreq
                0x080022e8       0xa8 ./Drivers/STM32F1xx_HAL_Driver/Src/stm32f1xx_hal_rcc.o
                0x080022e8                HAL_RCC_GetSysClockFreq
 .text.RCC_Delay
                0x08002390       0x3c ./Drivers/STM32F1xx_HAL_Driver/Src/stm32f1xx_hal_rcc.o
 .text.HAL_TIM_Base_Init
                0x080023cc       0x9e ./Drivers/STM32F1xx_HAL_Driver/Src/stm32f1xx_hal_tim.o
                0x080023cc                HAL_TIM_Base_Init
 *fill*         0x0800246a        0x2 
 .text.HAL_TIM_Base_Start_IT
                0x0800246c       0x98 ./Drivers/STM32F1xx_HAL_Driver/Src/stm32f1xx_hal_tim.o
                0x0800246c                HAL_TIM_Base_Start_IT
 .text.HAL_TIM_IRQHandler
                0x08002504      0x1e0 ./Drivers/STM32F1xx_HAL_Driver/Src/stm32f1xx_hal_tim.o
                0x08002504                HAL_TIM_IRQHandler
 .text.HAL_TIM_ConfigClockSource
                0x080026e4      0x18e ./Drivers/STM32F1xx_HAL_Driver/Src/stm32f1xx_hal_tim.o
                0x080026e4                HAL_TIM_ConfigClockSource
 .text.HAL_TIM_OC_DelayElapsedCallback
                0x08002872       0x12 ./Drivers/STM32F1xx_HAL_Driver/Src/stm32f1xx_hal_tim.o
                0x08002872                HAL_TIM_OC_DelayElapsedCallback
 .text.HAL_TIM_IC_CaptureCallback
                0x08002884       0x12 ./Drivers/STM32F1xx_HAL_Driver/Src/stm32f1xx_hal_tim.o
                0x08002884                HAL_TIM_IC_CaptureCallback
 .text.HAL_TIM_PWM_PulseFinishedCallback
                0x08002896       0x12 ./Drivers/STM32F1xx_HAL_Driver/Src/stm32f1xx_hal_tim.o
                0x08002896                HAL_TIM_PWM_PulseFinishedCallback
 .text.HAL_TIM_TriggerCallback
                0x080028a8       0x12 ./Drivers/STM32F1xx_HAL_Driver/Src/stm32f1xx_hal_tim.o
                0x080028a8                HAL_TIM_TriggerCallback
 *fill*         0x080028ba        0x2 
 .text.TIM_Base_SetConfig
                0x080028bc       0xc8 ./Drivers/STM32F1xx_HAL_Driver/Src/stm32f1xx_hal_tim.o
                0x080028bc                TIM_Base_SetConfig
 .text.TIM_TI1_ConfigInputStage
                0x08002984       0x5c ./Drivers/STM32F1xx_HAL_Driver/Src/stm32f1xx_hal_tim.o
 .text.TIM_TI2_ConfigInputStage
                0x080029e0       0x5e ./Drivers/STM32F1xx_HAL_Driver/Src/stm32f1xx_hal_tim.o
 .text.TIM_ITRx_SetConfig
                0x08002a3e       0x34 ./Drivers/STM32F1xx_HAL_Driver/Src/stm32f1xx_hal_tim.o
 .text.TIM_ETR_SetConfig
                0x08002a72       0x3e ./Drivers/STM32F1xx_HAL_Driver/Src/stm32f1xx_hal_tim.o
                0x08002a72                TIM_ETR_SetConfig
 .text.HAL_TIMEx_MasterConfigSynchronization
                0x08002ab0       0xb0 ./Drivers/STM32F1xx_HAL_Driver/Src/stm32f1xx_hal_tim_ex.o
                0x08002ab0                HAL_TIMEx_MasterConfigSynchronization
 .text.HAL_TIMEx_CommutCallback
                0x08002b60       0x12 ./Drivers/STM32F1xx_HAL_Driver/Src/stm32f1xx_hal_tim_ex.o
                0x08002b60                HAL_TIMEx_CommutCallback
 .text.HAL_TIMEx_BreakCallback
                0x08002b72       0x12 ./Drivers/STM32F1xx_HAL_Driver/Src/stm32f1xx_hal_tim_ex.o
                0x08002b72                HAL_TIMEx_BreakCallback
 .text.memset   0x08002b84       0x10 C:/ST/STM32CubeIDE_1.16.0/STM32CubeIDE/plugins/com.st.stm32cube.ide.mcu.externaltools.gnu-tools-for-stm32.12.3.rel1.win32_1.0.200.202406191623/tools/bin/../lib/gcc/arm-none-eabi/12.3.1/../../../../arm-none-eabi/lib/thumb/v7-m/nofp\libc_nano.a(libc_a-memset.o)
                0x08002b84                memset
 .text.__libc_init_array
                0x08002b94       0x48 C:/ST/STM32CubeIDE_1.16.0/STM32CubeIDE/plugins/com.st.stm32cube.ide.mcu.externaltools.gnu-tools-for-stm32.12.3.rel1.win32_1.0.200.202406191623/tools/bin/../lib/gcc/arm-none-eabi/12.3.1/../../../../arm-none-eabi/lib/thumb/v7-m/nofp\libc_nano.a(libc_a-init.o)
                0x08002b94                __libc_init_array
 *(.glue_7)
 .glue_7        0x08002bdc        0x0 linker stubs
 *(.glue_7t)
 .glue_7t       0x08002bdc        0x0 linker stubs
 *(.eh_frame)
 .eh_frame      0x08002bdc        0x0 C:/ST/STM32CubeIDE_1.16.0/STM32CubeIDE/plugins/com.st.stm32cube.ide.mcu.externaltools.gnu-tools-for-stm32.12.3.rel1.win32_1.0.200.202406191623/tools/bin/../lib/gcc/arm-none-eabi/12.3.1/thumb/v7-m/nofp/crtbegin.o
 *(.init)
 .init          0x08002bdc        0x4 C:/ST/STM32CubeIDE_1.16.0/STM32CubeIDE/plugins/com.st.stm32cube.ide.mcu.externaltools.gnu-tools-for-stm32.12.3.rel1.win32_1.0.200.202406191623/tools/bin/../lib/gcc/arm-none-eabi/12.3.1/thumb/v7-m/nofp/crti.o
                0x08002bdc                _init
 .init          0x08002be0        0x8 C:/ST/STM32CubeIDE_1.16.0/STM32CubeIDE/plugins/com.st.stm32cube.ide.mcu.externaltools.gnu-tools-for-stm32.12.3.rel1.win32_1.0.200.202406191623/tools/bin/../lib/gcc/arm-none-eabi/12.3.1/thumb/v7-m/nofp/crtn.o
 *(.fini)
 .fini          0x08002be8        0x4 C:/ST/STM32CubeIDE_1.16.0/STM32CubeIDE/plugins/com.st.stm32cube.ide.mcu.externaltools.gnu-tools-for-stm32.12.3.rel1.win32_1.0.200.202406191623/tools/bin/../lib/gcc/arm-none-eabi/12.3.1/thumb/v7-m/nofp/crti.o
                0x08002be8                _fini
 .fini          0x08002bec        0x8 C:/ST/STM32CubeIDE_1.16.0/STM32CubeIDE/plugins/com.st.stm32cube.ide.mcu.externaltools.gnu-tools-for-stm32.12.3.rel1.win32_1.0.200.202406191623/tools/bin/../lib/gcc/arm-none-eabi/12.3.1/thumb/v7-m/nofp/crtn.o
                0x08002bf4                        . = ALIGN (0x4)
                0x08002bf4                        _etext = .

.vfp11_veneer   0x08002bf4        0x0
 .vfp11_veneer  0x08002bf4        0x0 linker stubs

.v4_bx          0x08002bf4        0x0
 .v4_bx         0x08002bf4        0x0 linker stubs

.iplt           0x08002bf4        0x0
 .iplt          0x08002bf4        0x0 C:/ST/STM32CubeIDE_1.16.0/STM32CubeIDE/plugins/com.st.stm32cube.ide.mcu.externaltools.gnu-tools-for-stm32.12.3.rel1.win32_1.0.200.202406191623/tools/bin/../lib/gcc/arm-none-eabi/12.3.1/thumb/v7-m/nofp/crtbegin.o

.rodata         0x08002bf4       0x24
                0x08002bf4                        . = ALIGN (0x4)
 *(.rodata)
 *(.rodata*)
 .rodata.AHBPrescTable
                0x08002bf4       0x10 ./Core/Src/system_stm32f1xx.o
                0x08002bf4                AHBPrescTable
 .rodata.aPLLMULFactorTable.1
                0x08002c04       0x10 ./Drivers/STM32F1xx_HAL_Driver/Src/stm32f1xx_hal_rcc.o
 .rodata.aPredivFactorTable.0
                0x08002c14        0x2 ./Drivers/STM32F1xx_HAL_Driver/Src/stm32f1xx_hal_rcc.o
                0x08002c18                        . = ALIGN (0x4)
 *fill*         0x08002c16        0x2 

.ARM.extab      0x08002c18        0x0
                0x08002c18                        . = ALIGN (0x4)
 *(.ARM.extab* .gnu.linkonce.armextab.*)
                0x08002c18                        . = ALIGN (0x4)

.ARM            0x08002c18        0x0
                0x08002c18                        . = ALIGN (0x4)
                0x08002c18                        __exidx_start = .
 *(.ARM.exidx*)
                0x08002c18                        __exidx_end = .
                0x08002c18                        . = ALIGN (0x4)

.preinit_array  0x08002c18        0x0
                0x08002c18                        . = ALIGN (0x4)
                0x08002c18                        PROVIDE (__preinit_array_start = .)
 *(.preinit_array*)
                0x08002c18                        PROVIDE (__preinit_array_end = .)
                0x08002c18                        . = ALIGN (0x4)

.init_array     0x08002c18        0x4
                0x08002c18                        . = ALIGN (0x4)
                0x08002c18                        PROVIDE (__init_array_start = .)
 *(SORT_BY_NAME(.init_array.*))
 *(.init_array*)
 .init_array    0x08002c18        0x4 C:/ST/STM32CubeIDE_1.16.0/STM32CubeIDE/plugins/com.st.stm32cube.ide.mcu.externaltools.gnu-tools-for-stm32.12.3.rel1.win32_1.0.200.202406191623/tools/bin/../lib/gcc/arm-none-eabi/12.3.1/thumb/v7-m/nofp/crtbegin.o
                0x08002c1c                        PROVIDE (__init_array_end = .)
                0x08002c1c                        . = ALIGN (0x4)

.fini_array     0x08002c1c        0x4
                0x08002c1c                        . = ALIGN (0x4)
                [!provide]                        PROVIDE (__fini_array_start = .)
 *(SORT_BY_NAME(.fini_array.*))
 *(.fini_array*)
 .fini_array    0x08002c1c        0x4 C:/ST/STM32CubeIDE_1.16.0/STM32CubeIDE/plugins/com.st.stm32cube.ide.mcu.externaltools.gnu-tools-for-stm32.12.3.rel1.win32_1.0.200.202406191623/tools/bin/../lib/gcc/arm-none-eabi/12.3.1/thumb/v7-m/nofp/crtbegin.o
                [!provide]                        PROVIDE (__fini_array_end = .)
                0x08002c20                        . = ALIGN (0x4)
                0x08002c20                        _sidata = LOADADDR (.data)

.rel.dyn        0x08002c20        0x0
 .rel.iplt      0x08002c20        0x0 C:/ST/STM32CubeIDE_1.16.0/STM32CubeIDE/plugins/com.st.stm32cube.ide.mcu.externaltools.gnu-tools-for-stm32.12.3.rel1.win32_1.0.200.202406191623/tools/bin/../lib/gcc/arm-none-eabi/12.3.1/thumb/v7-m/nofp/crtbegin.o

.data           0x20000000       0x64 load address 0x08002c20
                0x20000000                        . = ALIGN (0x4)
                0x20000000                        _sdata = .
 *(.data)
 *(.data*)
 .data.KeyReg0_1
                0x20000000        0x4 ./Core/Src/button.o
                0x20000000                KeyReg0_1
 .data.KeyReg1_1
                0x20000004        0x4 ./Core/Src/button.o
                0x20000004                KeyReg1_1
 .data.KeyReg2_1
                0x20000008        0x4 ./Core/Src/button.o
                0x20000008                KeyReg2_1
 .data.KeyReg3_1
                0x2000000c        0x4 ./Core/Src/button.o
                0x2000000c                KeyReg3_1
 .data.TimerForKeyPress1
                0x20000010        0x4 ./Core/Src/button.o
                0x20000010                TimerForKeyPress1
 .data.KeyReg0_2
                0x20000014        0x4 ./Core/Src/button.o
                0x20000014                KeyReg0_2
 .data.KeyReg1_2
                0x20000018        0x4 ./Core/Src/button.o
                0x20000018                KeyReg1_2
 .data.KeyReg2_2
                0x2000001c        0x4 ./Core/Src/button.o
                0x2000001c                KeyReg2_2
 .data.KeyReg3_2
                0x20000020        0x4 ./Core/Src/button.o
                0x20000020                KeyReg3_2
 .data.TimerForKeyPress2
                0x20000024        0x4 ./Core/Src/button.o
                0x20000024                TimerForKeyPress2
 .data.KeyReg0_3
                0x20000028        0x4 ./Core/Src/button.o
                0x20000028                KeyReg0_3
 .data.KeyReg1_3
                0x2000002c        0x4 ./Core/Src/button.o
                0x2000002c                KeyReg1_3
 .data.KeyReg2_3
                0x20000030        0x4 ./Core/Src/button.o
                0x20000030                KeyReg2_3
 .data.KeyReg3_3
                0x20000034        0x4 ./Core/Src/button.o
                0x20000034                KeyReg3_3
 .data.TimerForKeyPress3
                0x20000038        0x4 ./Core/Src/button.o
                0x20000038                TimerForKeyPress3
 .data.LedRedTime
                0x2000003c        0x4 ./Core/Src/fsm_automatic.o
                0x2000003c                LedRedTime
 .data.LedYellowTime
                0x20000040        0x4 ./Core/Src/fsm_automatic.o
                0x20000040                LedYellowTime
 .data.LedGreenTime
                0x20000044        0x4 ./Core/Src/fsm_automatic.o
                0x20000044                LedGreenTime
 .data.led_buffer
                0x20000048       0x10 ./Core/Src/support_void.o
                0x20000048                led_buffer
 .data.SystemCoreClock
                0x20000058        0x4 ./Core/Src/system_stm32f1xx.o
                0x20000058                SystemCoreClock
 .data.uwTickPrio
                0x2000005c        0x4 ./Drivers/STM32F1xx_HAL_Driver/Src/stm32f1xx_hal.o
                0x2000005c                uwTickPrio
 .data.uwTickFreq
                0x20000060        0x1 ./Drivers/STM32F1xx_HAL_Driver/Src/stm32f1xx_hal.o
                0x20000060                uwTickFreq
 *(.RamFunc)
 *(.RamFunc*)
                0x20000064                        . = ALIGN (0x4)
 *fill*         0x20000061        0x3 
                0x20000064                        _edata = .

.igot.plt       0x20000064        0x0 load address 0x08002c84
 .igot.plt      0x20000064        0x0 C:/ST/STM32CubeIDE_1.16.0/STM32CubeIDE/plugins/com.st.stm32cube.ide.mcu.externaltools.gnu-tools-for-stm32.12.3.rel1.win32_1.0.200.202406191623/tools/bin/../lib/gcc/arm-none-eabi/12.3.1/thumb/v7-m/nofp/crtbegin.o
                0x20000064                        . = ALIGN (0x4)

.bss            0x20000064       0xc8 load address 0x08002c84
                0x20000064                        _sbss = .
                0x20000064                        __bss_start__ = _sbss
 *(.bss)
 .bss           0x20000064       0x1c C:/ST/STM32CubeIDE_1.16.0/STM32CubeIDE/plugins/com.st.stm32cube.ide.mcu.externaltools.gnu-tools-for-stm32.12.3.rel1.win32_1.0.200.202406191623/tools/bin/../lib/gcc/arm-none-eabi/12.3.1/thumb/v7-m/nofp/crtbegin.o
 *(.bss*)
 .bss.BUT1_flag
                0x20000080        0x4 ./Core/Src/button.o
                0x20000080                BUT1_flag
 .bss.BUT2_flag
                0x20000084        0x4 ./Core/Src/button.o
                0x20000084                BUT2_flag
 .bss.BUT3_flag
                0x20000088        0x4 ./Core/Src/button.o
                0x20000088                BUT3_flag
 .bss.Red_Time_Y
                0x2000008c        0x4 ./Core/Src/fsm_automatic.o
                0x2000008c                Red_Time_Y
 .bss.Red_Time_X
                0x20000090        0x4 ./Core/Src/fsm_automatic.o
                0x20000090                Red_Time_X
 .bss.Green_Time_Y
                0x20000094        0x4 ./Core/Src/fsm_automatic.o
                0x20000094                Green_Time_Y
 .bss.Green_Time_X
                0x20000098        0x4 ./Core/Src/fsm_automatic.o
                0x20000098                Green_Time_X
 .bss.Yellow_Time_Y
                0x2000009c        0x4 ./Core/Src/fsm_automatic.o
                0x2000009c                Yellow_Time_Y
 .bss.Yellow_Time_X
                0x200000a0        0x4 ./Core/Src/fsm_automatic.o
                0x200000a0                Yellow_Time_X
 .bss.SetRedTime
                0x200000a4        0x4 ./Core/Src/fsm_maunual.o
                0x200000a4                SetRedTime
 .bss.SetYellowTime
                0x200000a8        0x4 ./Core/Src/fsm_maunual.o
                0x200000a8                SetYellowTime
 .bss.SetGreenTime
                0x200000ac        0x4 ./Core/Src/fsm_maunual.o
                0x200000ac                SetGreenTime
 .bss.status    0x200000b0        0x4 ./Core/Src/global.o
                0x200000b0                status
 .bss.scanLEDState
                0x200000b4        0x4 ./Core/Src/global.o
                0x200000b4                scanLEDState
 .bss.htim2     0x200000b8       0x48 ./Core/Src/main.o
                0x200000b8                htim2
 .bss.timer1_counter
                0x20000100        0x4 ./Core/Src/software_timer.o
                0x20000100                timer1_counter
 .bss.timer1_flag
                0x20000104        0x4 ./Core/Src/software_timer.o
                0x20000104                timer1_flag
 .bss.timer2_counter
                0x20000108        0x4 ./Core/Src/software_timer.o
                0x20000108                timer2_counter
 .bss.timer2_flag
                0x2000010c        0x4 ./Core/Src/software_timer.o
                0x2000010c                timer2_flag
 .bss.timer3_counter
                0x20000110        0x4 ./Core/Src/software_timer.o
                0x20000110                timer3_counter
 .bss.timer3_flag
                0x20000114        0x4 ./Core/Src/software_timer.o
                0x20000114                timer3_flag
 .bss.timer4_counter
                0x20000118        0x4 ./Core/Src/software_timer.o
                0x20000118                timer4_counter
 .bss.timer4_flag
                0x2000011c        0x4 ./Core/Src/software_timer.o
                0x2000011c                timer4_flag
 .bss.timer5_counter
                0x20000120        0x4 ./Core/Src/software_timer.o
                0x20000120                timer5_counter
 .bss.timer5_flag
                0x20000124        0x4 ./Core/Src/software_timer.o
                0x20000124                timer5_flag
 .bss.uwTick    0x20000128        0x4 ./Drivers/STM32F1xx_HAL_Driver/Src/stm32f1xx_hal.o
                0x20000128                uwTick
 *(COMMON)
                0x2000012c                        . = ALIGN (0x4)
                0x2000012c                        _ebss = .
                0x2000012c                        __bss_end__ = _ebss

._user_heap_stack
                0x2000012c      0x604 load address 0x08002c84
                0x20000130                        . = ALIGN (0x8)
 *fill*         0x2000012c        0x4 
                [!provide]                        PROVIDE (end = .)
                0x20000130                        PROVIDE (_end = .)
                0x20000330                        . = (. + _Min_Heap_Size)
 *fill*         0x20000130      0x200 
                0x20000730                        . = (. + _Min_Stack_Size)
 *fill*         0x20000330      0x400 
                0x20000730                        . = ALIGN (0x8)

/DISCARD/
 libc.a(*)
 libm.a(*)
 libgcc.a(*)

.ARM.attributes
                0x00000000       0x29
 *(.ARM.attributes)
 .ARM.attributes
                0x00000000       0x1d C:/ST/STM32CubeIDE_1.16.0/STM32CubeIDE/plugins/com.st.stm32cube.ide.mcu.externaltools.gnu-tools-for-stm32.12.3.rel1.win32_1.0.200.202406191623/tools/bin/../lib/gcc/arm-none-eabi/12.3.1/thumb/v7-m/nofp/crti.o
 .ARM.attributes
                0x0000001d       0x2d C:/ST/STM32CubeIDE_1.16.0/STM32CubeIDE/plugins/com.st.stm32cube.ide.mcu.externaltools.gnu-tools-for-stm32.12.3.rel1.win32_1.0.200.202406191623/tools/bin/../lib/gcc/arm-none-eabi/12.3.1/thumb/v7-m/nofp/crtbegin.o
 .ARM.attributes
                0x0000004a       0x2d ./Core/Src/button.o
 .ARM.attributes
                0x00000077       0x2d ./Core/Src/fsm_automatic.o
 .ARM.attributes
                0x000000a4       0x2d ./Core/Src/fsm_maunual.o
 .ARM.attributes
                0x000000d1       0x2d ./Core/Src/global.o
 .ARM.attributes
                0x000000fe       0x2d ./Core/Src/main.o
 .ARM.attributes
                0x0000012b       0x2d ./Core/Src/software_timer.o
 .ARM.attributes
                0x00000158       0x2d ./Core/Src/stm32f1xx_hal_msp.o
 .ARM.attributes
                0x00000185       0x2d ./Core/Src/stm32f1xx_it.o
 .ARM.attributes
                0x000001b2       0x2d ./Core/Src/support_void.o
 .ARM.attributes
                0x000001df       0x2d ./Core/Src/system_stm32f1xx.o
 .ARM.attributes
                0x0000020c       0x21 ./Core/Startup/startup_stm32f103c6ux.o
 .ARM.attributes
                0x0000022d       0x2d ./Drivers/STM32F1xx_HAL_Driver/Src/stm32f1xx_hal.o
 .ARM.attributes
                0x0000025a       0x2d ./Drivers/STM32F1xx_HAL_Driver/Src/stm32f1xx_hal_cortex.o
 .ARM.attributes
                0x00000287       0x2d ./Drivers/STM32F1xx_HAL_Driver/Src/stm32f1xx_hal_gpio.o
 .ARM.attributes
                0x000002b4       0x2d ./Drivers/STM32F1xx_HAL_Driver/Src/stm32f1xx_hal_rcc.o
 .ARM.attributes
                0x000002e1       0x2d ./Drivers/STM32F1xx_HAL_Driver/Src/stm32f1xx_hal_tim.o
 .ARM.attributes
                0x0000030e       0x2d ./Drivers/STM32F1xx_HAL_Driver/Src/stm32f1xx_hal_tim_ex.o
 .ARM.attributes
                0x0000033b       0x2d C:/ST/STM32CubeIDE_1.16.0/STM32CubeIDE/plugins/com.st.stm32cube.ide.mcu.externaltools.gnu-tools-for-stm32.12.3.rel1.win32_1.0.200.202406191623/tools/bin/../lib/gcc/arm-none-eabi/12.3.1/../../../../arm-none-eabi/lib/thumb/v7-m/nofp\libc_nano.a(libc_a-memset.o)
 .ARM.attributes
                0x00000368       0x2d C:/ST/STM32CubeIDE_1.16.0/STM32CubeIDE/plugins/com.st.stm32cube.ide.mcu.externaltools.gnu-tools-for-stm32.12.3.rel1.win32_1.0.200.202406191623/tools/bin/../lib/gcc/arm-none-eabi/12.3.1/../../../../arm-none-eabi/lib/thumb/v7-m/nofp\libc_nano.a(libc_a-init.o)
 .ARM.attributes
                0x00000395       0x1d C:/ST/STM32CubeIDE_1.16.0/STM32CubeIDE/plugins/com.st.stm32cube.ide.mcu.externaltools.gnu-tools-for-stm32.12.3.rel1.win32_1.0.200.202406191623/tools/bin/../lib/gcc/arm-none-eabi/12.3.1/thumb/v7-m/nofp/crtn.o
OUTPUT(lab_3.elf elf32-littlearm)
LOAD linker stubs
LOAD C:/ST/STM32CubeIDE_1.16.0/STM32CubeIDE/plugins/com.st.stm32cube.ide.mcu.externaltools.gnu-tools-for-stm32.12.3.rel1.win32_1.0.200.202406191623/tools/bin/../lib/gcc/arm-none-eabi/12.3.1/../../../../arm-none-eabi/lib/thumb/v7-m/nofp\libc.a
LOAD C:/ST/STM32CubeIDE_1.16.0/STM32CubeIDE/plugins/com.st.stm32cube.ide.mcu.externaltools.gnu-tools-for-stm32.12.3.rel1.win32_1.0.200.202406191623/tools/bin/../lib/gcc/arm-none-eabi/12.3.1/../../../../arm-none-eabi/lib/thumb/v7-m/nofp\libm.a
LOAD C:/ST/STM32CubeIDE_1.16.0/STM32CubeIDE/plugins/com.st.stm32cube.ide.mcu.externaltools.gnu-tools-for-stm32.12.3.rel1.win32_1.0.200.202406191623/tools/bin/../lib/gcc/arm-none-eabi/12.3.1/thumb/v7-m/nofp\libgcc.a

.debug_info     0x00000000     0x8748
 .debug_info    0x00000000      0x31f ./Core/Src/button.o
 .debug_info    0x0000031f      0x2ba ./Core/Src/fsm_automatic.o
 .debug_info    0x000005d9      0x26f ./Core/Src/fsm_maunual.o
 .debug_info    0x00000848       0x9c ./Core/Src/global.o
 .debug_info    0x000008e4      0xbc0 ./Core/Src/main.o
 .debug_info    0x000014a4      0x1ae ./Core/Src/software_timer.o
 .debug_info    0x00001652      0x91a ./Core/Src/stm32f1xx_hal_msp.o
 .debug_info    0x00001f6c      0x6a1 ./Core/Src/stm32f1xx_it.o
 .debug_info    0x0000260d      0x226 ./Core/Src/support_void.o
 .debug_info    0x00002833      0x222 ./Core/Src/system_stm32f1xx.o
 .debug_info    0x00002a55       0x30 ./Core/Startup/startup_stm32f103c6ux.o
 .debug_info    0x00002a85      0x6e6 ./Drivers/STM32F1xx_HAL_Driver/Src/stm32f1xx_hal.o
 .debug_info    0x0000316b      0xa69 ./Drivers/STM32F1xx_HAL_Driver/Src/stm32f1xx_hal_cortex.o
 .debug_info    0x00003bd4      0x5ab ./Drivers/STM32F1xx_HAL_Driver/Src/stm32f1xx_hal_gpio.o
 .debug_info    0x0000417f      0x7d5 ./Drivers/STM32F1xx_HAL_Driver/Src/stm32f1xx_hal_rcc.o
 .debug_info    0x00004954     0x2959 ./Drivers/STM32F1xx_HAL_Driver/Src/stm32f1xx_hal_tim.o
 .debug_info    0x000072ad     0x149b ./Drivers/STM32F1xx_HAL_Driver/Src/stm32f1xx_hal_tim_ex.o

.debug_abbrev   0x00000000     0x1bd3
 .debug_abbrev  0x00000000      0x13c ./Core/Src/button.o
 .debug_abbrev  0x0000013c      0x133 ./Core/Src/fsm_automatic.o
 .debug_abbrev  0x0000026f      0x135 ./Core/Src/fsm_maunual.o
 .debug_abbrev  0x000003a4       0x4e ./Core/Src/global.o
 .debug_abbrev  0x000003f2      0x299 ./Core/Src/main.o
 .debug_abbrev  0x0000068b       0xcb ./Core/Src/software_timer.o
 .debug_abbrev  0x00000756      0x1ad ./Core/Src/stm32f1xx_hal_msp.o
 .debug_abbrev  0x00000903      0x191 ./Core/Src/stm32f1xx_it.o
 .debug_abbrev  0x00000a94      0x16d ./Core/Src/support_void.o
 .debug_abbrev  0x00000c01      0x13f ./Core/Src/system_stm32f1xx.o
 .debug_abbrev  0x00000d40       0x24 ./Core/Startup/startup_stm32f103c6ux.o
 .debug_abbrev  0x00000d64      0x201 ./Drivers/STM32F1xx_HAL_Driver/Src/stm32f1xx_hal.o
 .debug_abbrev  0x00000f65      0x2f8 ./Drivers/STM32F1xx_HAL_Driver/Src/stm32f1xx_hal_cortex.o
 .debug_abbrev  0x0000125d      0x1ca ./Drivers/STM32F1xx_HAL_Driver/Src/stm32f1xx_hal_gpio.o
 .debug_abbrev  0x00001427      0x2b3 ./Drivers/STM32F1xx_HAL_Driver/Src/stm32f1xx_hal_rcc.o
 .debug_abbrev  0x000016da      0x277 ./Drivers/STM32F1xx_HAL_Driver/Src/stm32f1xx_hal_tim.o
 .debug_abbrev  0x00001951      0x282 ./Drivers/STM32F1xx_HAL_Driver/Src/stm32f1xx_hal_tim_ex.o

.debug_aranges  0x00000000      0xa60
 .debug_aranges
                0x00000000       0x58 ./Core/Src/button.o
 .debug_aranges
                0x00000058       0x20 ./Core/Src/fsm_automatic.o
 .debug_aranges
                0x00000078       0x20 ./Core/Src/fsm_maunual.o
 .debug_aranges
                0x00000098       0x18 ./Core/Src/global.o
 .debug_aranges
                0x000000b0       0x48 ./Core/Src/main.o
 .debug_aranges
                0x000000f8       0x48 ./Core/Src/software_timer.o
 .debug_aranges
                0x00000140       0x30 ./Core/Src/stm32f1xx_hal_msp.o
 .debug_aranges
                0x00000170       0x68 ./Core/Src/stm32f1xx_it.o
 .debug_aranges
                0x000001d8       0x38 ./Core/Src/support_void.o
 .debug_aranges
                0x00000210       0x28 ./Core/Src/system_stm32f1xx.o
 .debug_aranges
                0x00000238       0x28 ./Core/Startup/startup_stm32f103c6ux.o
 .debug_aranges
                0x00000260       0xe0 ./Drivers/STM32F1xx_HAL_Driver/Src/stm32f1xx_hal.o
 .debug_aranges
                0x00000340      0x100 ./Drivers/STM32F1xx_HAL_Driver/Src/stm32f1xx_hal_cortex.o
 .debug_aranges
                0x00000440       0x58 ./Drivers/STM32F1xx_HAL_Driver/Src/stm32f1xx_hal_gpio.o
 .debug_aranges
                0x00000498       0x90 ./Drivers/STM32F1xx_HAL_Driver/Src/stm32f1xx_hal_rcc.o
 .debug_aranges
                0x00000528      0x3d0 ./Drivers/STM32F1xx_HAL_Driver/Src/stm32f1xx_hal_tim.o
 .debug_aranges
                0x000008f8      0x168 ./Drivers/STM32F1xx_HAL_Driver/Src/stm32f1xx_hal_tim_ex.o

.debug_rnglists
                0x00000000      0x7d7
 .debug_rnglists
                0x00000000       0x40 ./Core/Src/button.o
 .debug_rnglists
                0x00000040       0x14 ./Core/Src/fsm_automatic.o
 .debug_rnglists
                0x00000054       0x14 ./Core/Src/fsm_maunual.o
 .debug_rnglists
                0x00000068       0x33 ./Core/Src/main.o
 .debug_rnglists
                0x0000009b       0x32 ./Core/Src/software_timer.o
 .debug_rnglists
                0x000000cd       0x1f ./Core/Src/stm32f1xx_hal_msp.o
 .debug_rnglists
                0x000000ec       0x49 ./Core/Src/stm32f1xx_it.o
 .debug_rnglists
                0x00000135       0x27 ./Core/Src/support_void.o
 .debug_rnglists
                0x0000015c       0x1a ./Core/Src/system_stm32f1xx.o
 .debug_rnglists
                0x00000176       0x19 ./Core/Startup/startup_stm32f103c6ux.o
 .debug_rnglists
                0x0000018f       0xa3 ./Drivers/STM32F1xx_HAL_Driver/Src/stm32f1xx_hal.o
 .debug_rnglists
                0x00000232       0xbb ./Drivers/STM32F1xx_HAL_Driver/Src/stm32f1xx_hal_cortex.o
 .debug_rnglists
                0x000002ed       0x3f ./Drivers/STM32F1xx_HAL_Driver/Src/stm32f1xx_hal_gpio.o
 .debug_rnglists
                0x0000032c       0x6c ./Drivers/STM32F1xx_HAL_Driver/Src/stm32f1xx_hal_rcc.o
 .debug_rnglists
                0x00000398      0x31a ./Drivers/STM32F1xx_HAL_Driver/Src/stm32f1xx_hal_tim.o
 .debug_rnglists
                0x000006b2      0x125 ./Drivers/STM32F1xx_HAL_Driver/Src/stm32f1xx_hal_tim_ex.o

.debug_macro    0x00000000    0x16d55
 .debug_macro   0x00000000      0x1b5 ./Core/Src/button.o
 .debug_macro   0x000001b5      0xaa8 ./Core/Src/button.o
 .debug_macro   0x00000c5d      0x215 ./Core/Src/button.o
 .debug_macro   0x00000e72       0x2e ./Core/Src/button.o
 .debug_macro   0x00000ea0       0x22 ./Core/Src/button.o
 .debug_macro   0x00000ec2       0x22 ./Core/Src/button.o
 .debug_macro   0x00000ee4       0x8e ./Core/Src/button.o
 .debug_macro   0x00000f72       0x51 ./Core/Src/button.o
 .debug_macro   0x00000fc3      0x103 ./Core/Src/button.o
 .debug_macro   0x000010c6       0x6a ./Core/Src/button.o
 .debug_macro   0x00001130      0x1df ./Core/Src/button.o
 .debug_macro   0x0000130f       0x1c ./Core/Src/button.o
 .debug_macro   0x0000132b       0x22 ./Core/Src/button.o
 .debug_macro   0x0000134d       0xbd ./Core/Src/button.o
 .debug_macro   0x0000140a      0xd23 ./Core/Src/button.o
 .debug_macro   0x0000212d     0xde75 ./Core/Src/button.o
 .debug_macro   0x0000ffa2       0x6d ./Core/Src/button.o
 .debug_macro   0x0001000f     0x34a2 ./Core/Src/button.o
 .debug_macro   0x000134b1      0x189 ./Core/Src/button.o
 .debug_macro   0x0001363a       0x5c ./Core/Src/button.o
 .debug_macro   0x00013696      0x5bc ./Core/Src/button.o
 .debug_macro   0x00013c52      0x1b7 ./Core/Src/button.o
 .debug_macro   0x00013e09      0x1cb ./Core/Src/button.o
 .debug_macro   0x00013fd4      0x114 ./Core/Src/button.o
 .debug_macro   0x000140e8      0x1b2 ./Core/Src/button.o
 .debug_macro   0x0001429a       0x27 ./Core/Src/button.o
 .debug_macro   0x000142c1      0x12f ./Core/Src/button.o
 .debug_macro   0x000143f0      0x1bc ./Core/Src/button.o
 .debug_macro   0x000145ac       0x34 ./Core/Src/button.o
 .debug_macro   0x000145e0       0x3c ./Core/Src/button.o
 .debug_macro   0x0001461c       0x57 ./Core/Src/button.o
 .debug_macro   0x00014673       0x87 ./Core/Src/button.o
 .debug_macro   0x000146fa      0x183 ./Core/Src/button.o
 .debug_macro   0x0001487d      0x140 ./Core/Src/button.o
 .debug_macro   0x000149bd      0x8ed ./Core/Src/button.o
 .debug_macro   0x000152aa       0x69 ./Core/Src/button.o
 .debug_macro   0x00015313      0x100 ./Core/Src/button.o
 .debug_macro   0x00015413       0x10 ./Core/Src/button.o
 .debug_macro   0x00015423      0x1f4 ./Core/Src/fsm_automatic.o
 .debug_macro   0x00015617       0x4c ./Core/Src/fsm_automatic.o
 .debug_macro   0x00015663      0x1f4 ./Core/Src/fsm_maunual.o
 .debug_macro   0x00015857      0x1dc ./Core/Src/global.o
 .debug_macro   0x00015a33      0x20c ./Core/Src/main.o
 .debug_macro   0x00015c3f       0x21 ./Core/Src/software_timer.o
 .debug_macro   0x00015c60      0x1a6 ./Core/Src/stm32f1xx_hal_msp.o
 .debug_macro   0x00015e06      0x1b0 ./Core/Src/stm32f1xx_it.o
 .debug_macro   0x00015fb6      0x1dc ./Core/Src/support_void.o
 .debug_macro   0x00016192      0x197 ./Core/Src/system_stm32f1xx.o
 .debug_macro   0x00016329      0x1bb ./Drivers/STM32F1xx_HAL_Driver/Src/stm32f1xx_hal.o
 .debug_macro   0x000164e4      0x197 ./Drivers/STM32F1xx_HAL_Driver/Src/stm32f1xx_hal_cortex.o
 .debug_macro   0x0001667b      0x202 ./Drivers/STM32F1xx_HAL_Driver/Src/stm32f1xx_hal_gpio.o
 .debug_macro   0x0001687d      0x1a9 ./Drivers/STM32F1xx_HAL_Driver/Src/stm32f1xx_hal_rcc.o
 .debug_macro   0x00016a26      0x198 ./Drivers/STM32F1xx_HAL_Driver/Src/stm32f1xx_hal_tim.o
 .debug_macro   0x00016bbe      0x197 ./Drivers/STM32F1xx_HAL_Driver/Src/stm32f1xx_hal_tim_ex.o

.debug_line     0x00000000     0xc2ec
 .debug_line    0x00000000      0x8b4 ./Core/Src/button.o
 .debug_line    0x000008b4      0x83a ./Core/Src/fsm_automatic.o
 .debug_line    0x000010ee      0x844 ./Core/Src/fsm_maunual.o
 .debug_line    0x00001932      0x707 ./Core/Src/global.o
 .debug_line    0x00002039      0x877 ./Core/Src/main.o
 .debug_line    0x000028b0      0x152 ./Core/Src/software_timer.o
 .debug_line    0x00002a02      0x729 ./Core/Src/stm32f1xx_hal_msp.o
 .debug_line    0x0000312b      0x7c7 ./Core/Src/stm32f1xx_it.o
 .debug_line    0x000038f2      0x813 ./Core/Src/support_void.o
 .debug_line    0x00004105      0x76b ./Core/Src/system_stm32f1xx.o
 .debug_line    0x00004870       0x78 ./Core/Startup/startup_stm32f103c6ux.o
 .debug_line    0x000048e8      0x998 ./Drivers/STM32F1xx_HAL_Driver/Src/stm32f1xx_hal.o
 .debug_line    0x00005280      0xb84 ./Drivers/STM32F1xx_HAL_Driver/Src/stm32f1xx_hal_cortex.o
 .debug_line    0x00005e04      0xa1c ./Drivers/STM32F1xx_HAL_Driver/Src/stm32f1xx_hal_gpio.o
 .debug_line    0x00006820      0xda1 ./Drivers/STM32F1xx_HAL_Driver/Src/stm32f1xx_hal_rcc.o
 .debug_line    0x000075c1     0x3474 ./Drivers/STM32F1xx_HAL_Driver/Src/stm32f1xx_hal_tim.o
 .debug_line    0x0000aa35     0x18b7 ./Drivers/STM32F1xx_HAL_Driver/Src/stm32f1xx_hal_tim_ex.o

.debug_str      0x00000000    0x825f7
 .debug_str     0x00000000    0x7f88f ./Core/Src/button.o
                              0x7fbd2 (size before relaxing)
 .debug_str     0x0007f88f      0x204 ./Core/Src/fsm_automatic.o
                              0x7fc7b (size before relaxing)
 .debug_str     0x0007fa93       0x44 ./Core/Src/fsm_maunual.o
                              0x7fc73 (size before relaxing)
 .debug_str     0x0007fad7       0x22 ./Core/Src/global.o
                              0x7faf9 (size before relaxing)
 .debug_str     0x0007faf9      0x7a9 ./Core/Src/main.o
                              0x80418 (size before relaxing)
 .debug_str     0x000802a2       0xb2 ./Core/Src/software_timer.o
                               0x2e9c (size before relaxing)
 .debug_str     0x00080354      0x300 ./Core/Src/stm32f1xx_hal_msp.o
                              0x8022f (size before relaxing)
 .debug_str     0x00080654       0xec ./Core/Src/stm32f1xx_it.o
                              0x7ff6a (size before relaxing)
 .debug_str     0x00080740       0x48 ./Core/Src/support_void.o
                              0x7fbce (size before relaxing)
 .debug_str     0x00080788       0x88 ./Core/Src/system_stm32f1xx.o
                              0x7f738 (size before relaxing)
 .debug_str     0x00080810       0x44 ./Core/Startup/startup_stm32f103c6ux.o
                                 0x74 (size before relaxing)
 .debug_str     0x00080854      0x38e ./Drivers/STM32F1xx_HAL_Driver/Src/stm32f1xx_hal.o
                              0x7fe31 (size before relaxing)
 .debug_str     0x00080be2      0x294 ./Drivers/STM32F1xx_HAL_Driver/Src/stm32f1xx_hal_cortex.o
                              0x7fd7d (size before relaxing)
 .debug_str     0x00080e76      0x2e5 ./Drivers/STM32F1xx_HAL_Driver/Src/stm32f1xx_hal_gpio.o
                              0x7fabe (size before relaxing)
 .debug_str     0x0008115b      0x229 ./Drivers/STM32F1xx_HAL_Driver/Src/stm32f1xx_hal_rcc.o
                              0x7fb67 (size before relaxing)
 .debug_str     0x00081384      0xde0 ./Drivers/STM32F1xx_HAL_Driver/Src/stm32f1xx_hal_tim.o
                              0x80b69 (size before relaxing)
 .debug_str     0x00082164      0x493 ./Drivers/STM32F1xx_HAL_Driver/Src/stm32f1xx_hal_tim_ex.o
                              0x80375 (size before relaxing)

.comment        0x00000000       0x43
 .comment       0x00000000       0x43 ./Core/Src/button.o
                                 0x44 (size before relaxing)
 .comment       0x00000043       0x44 ./Core/Src/fsm_automatic.o
 .comment       0x00000043       0x44 ./Core/Src/fsm_maunual.o
 .comment       0x00000043       0x44 ./Core/Src/global.o
 .comment       0x00000043       0x44 ./Core/Src/main.o
 .comment       0x00000043       0x44 ./Core/Src/software_timer.o
 .comment       0x00000043       0x44 ./Core/Src/stm32f1xx_hal_msp.o
 .comment       0x00000043       0x44 ./Core/Src/stm32f1xx_it.o
 .comment       0x00000043       0x44 ./Core/Src/support_void.o
 .comment       0x00000043       0x44 ./Core/Src/system_stm32f1xx.o
 .comment       0x00000043       0x44 ./Drivers/STM32F1xx_HAL_Driver/Src/stm32f1xx_hal.o
 .comment       0x00000043       0x44 ./Drivers/STM32F1xx_HAL_Driver/Src/stm32f1xx_hal_cortex.o
 .comment       0x00000043       0x44 ./Drivers/STM32F1xx_HAL_Driver/Src/stm32f1xx_hal_gpio.o
 .comment       0x00000043       0x44 ./Drivers/STM32F1xx_HAL_Driver/Src/stm32f1xx_hal_rcc.o
 .comment       0x00000043       0x44 ./Drivers/STM32F1xx_HAL_Driver/Src/stm32f1xx_hal_tim.o
 .comment       0x00000043       0x44 ./Drivers/STM32F1xx_HAL_Driver/Src/stm32f1xx_hal_tim_ex.o

.debug_frame    0x00000000     0x28b4
 .debug_frame   0x00000000      0x108 ./Core/Src/button.o
 .debug_frame   0x00000108       0x2c ./Core/Src/fsm_automatic.o
 .debug_frame   0x00000134       0x2c ./Core/Src/fsm_maunual.o
 .debug_frame   0x00000160       0xd4 ./Core/Src/main.o
 .debug_frame   0x00000234       0xf8 ./Core/Src/software_timer.o
 .debug_frame   0x0000032c       0x80 ./Core/Src/stm32f1xx_hal_msp.o
 .debug_frame   0x000003ac      0x120 ./Core/Src/stm32f1xx_it.o
 .debug_frame   0x000004cc       0x98 ./Core/Src/support_void.o
 .debug_frame   0x00000564       0x58 ./Core/Src/system_stm32f1xx.o
 .debug_frame   0x000005bc      0x334 ./Drivers/STM32F1xx_HAL_Driver/Src/stm32f1xx_hal.o
 .debug_frame   0x000008f0      0x428 ./Drivers/STM32F1xx_HAL_Driver/Src/stm32f1xx_hal_cortex.o
 .debug_frame   0x00000d18      0x14c ./Drivers/STM32F1xx_HAL_Driver/Src/stm32f1xx_hal_gpio.o
 .debug_frame   0x00000e64      0x218 ./Drivers/STM32F1xx_HAL_Driver/Src/stm32f1xx_hal_rcc.o
 .debug_frame   0x0000107c     0x11b4 ./Drivers/STM32F1xx_HAL_Driver/Src/stm32f1xx_hal_tim.o
 .debug_frame   0x00002230      0x638 ./Drivers/STM32F1xx_HAL_Driver/Src/stm32f1xx_hal_tim_ex.o
 .debug_frame   0x00002868       0x20 C:/ST/STM32CubeIDE_1.16.0/STM32CubeIDE/plugins/com.st.stm32cube.ide.mcu.externaltools.gnu-tools-for-stm32.12.3.rel1.win32_1.0.200.202406191623/tools/bin/../lib/gcc/arm-none-eabi/12.3.1/../../../../arm-none-eabi/lib/thumb/v7-m/nofp\libc_nano.a(libc_a-memset.o)
 .debug_frame   0x00002888       0x2c C:/ST/STM32CubeIDE_1.16.0/STM32CubeIDE/plugins/com.st.stm32cube.ide.mcu.externaltools.gnu-tools-for-stm32.12.3.rel1.win32_1.0.200.202406191623/tools/bin/../lib/gcc/arm-none-eabi/12.3.1/../../../../arm-none-eabi/lib/thumb/v7-m/nofp\libc_nano.a(libc_a-init.o)

.debug_line_str
                0x00000000       0x58
 .debug_line_str
                0x00000000       0x58 ./Core/Startup/startup_stm32f103c6ux.o
